12:50:56 **** Incremental Build of configuration Debug for project GPIO ****
make -j8 all 
arm-none-eabi-gcc "../Core/Src/main.c" -mcpu=cortex-m4 -std=gnu11 -g3 -DDEBUG -DUSE_HAL_DRIVER -DSTM32F411xE -c -I../Core/Inc -I../Drivers/STM32F4xx_HAL_Driver/Inc -I../Drivers/STM32F4xx_HAL_Driver/Inc/Legacy -I../Drivers/CMSIS/Device/ST/STM32F4xx/Include -I../Drivers/CMSIS/Include -O0 -ffunction-sections -fdata-sections -Wall -fstack-usage -fcyclomatic-complexity -MMD -MP -MF"Core/Src/main.d" -MT"Core/Src/main.o" --specs=nano.specs -mfpu=fpv4-sp-d16 -mfloat-abi=hard -mthumb -o "Core/Src/main.o"
arm-none-eabi-gcc -o "GPIO.elf" @"objects.list"   -mcpu=cortex-m4 -T"C:\Users\amirp\Desktop\STM32 FILES\GPIO\STM32F411RETX_FLASH.ld" --specs=nosys.specs -Wl,-Map="GPIO.map" -Wl,--gc-sections -static --specs=nano.specs -mfpu=fpv4-sp-d16 -mfloat-abi=hard -mthumb -Wl,--start-group -lc -lm -Wl,--end-group
Finished building target: GPIO.elf
 
arm-none-eabi-size  GPIO.elf 
arm-none-eabi-objdump -h -S GPIO.elf  > "GPIO.list"
   text	   data	    bss	    dec	    hex	filename
   6144	     12	   1572	   7728	   1e30	GPIO.elf
Finished building: default.size.stdout
 
Finished building: GPIO.list
 
12:51:05 **** Incremental Build of configuration Debug for project GPIO ****
make -j8 all 
arm-none-eabi-size  GPIO.elf 
   text	   data	    bss	    dec	    hex	filename
   6144	     12	   1572	   7728	   1e30	GPIO.elf
Finished building: default.size.stdout
 
